| c1 |   c2   |
|----|--------|
| 1  | Orange |
| 2  | Melon  |
| 3  | Apple  |
